[www.auxgitesdemaelle.com/index.html]
[backblue.gif]
[fade.gif]
[index.html]
[www.auxgitesdemaelle.com/style_color_2f9f8.css]
[www.auxgitesdemaelle.com/accueil_55850.html]
[www.cybevasion.fr/thumb/320x245/gites/france/44/55850_711171_21.jpg]
[www.auxgitesdemaelle.com/accueil_86264.html]
[www.cybevasion.fr/thumb/320x245/gites/france/44/86264_108_820.jpg]
[www.auxgitesdemaelle.com/accueil_52547.html]
[www.cybevasion.fr/thumb/320x245/gites/france/44/52547_1127_927.jpg]
[www.auxgitesdemaelle.com/accueil_89543.html]
[www.cybevasion.fr/thumb/320x245/gites/france/44/89543_1292_1856.jpg]
[www.cybevasion.fr/comptes/photos_profils/2069_975_1945.jpg]
[www.auxgitesdemaelle.com/contact_55850.html]
[www.auxgitesdemaelle.com/mentions-legales_55850.html]
[www.cybevasion.fr/jquery/jquery-ui.css]
[www.cybevasion.fr/jquery/jquery.qtip.css]
[www.cybevasion.fr/jquery/jquery.swipebox.css]
[www.cybevasion.fr/jquery/jquery-2.1.1.min.js]
[www.cybevasion.fr/jquery/jquery.extensions.js]
[www.cybevasion.fr/jquery/jquery-ui.min.js]
[www.cybevasion.fr/jquery/jquery.qtip.min.js]
[www.cybevasion.fr/jquery/jquery.ui.datepicker-fr.js]
[www.cybevasion.fr/jquery/jquery.scrollTo-min.js]
[www.cybevasion.fr/jquery/jquery.swipebox.js]
[www.cybevasion.fr/jquery/jquery-event-swipe.js]
[www.cybevasion.fr/javascript/cookiechoices7254.js]
[www.auxgitesdemaelle.com/cookies.html]
[www.auxgitesdemaelle.com/couleur/leaflet/leaflet.css]
[www.auxgitesdemaelle.com/couleur/leaflet/leaflet.js]
[www.auxgitesdemaelle.com/GET]
[www.auxgitesdemaelle.com/index.html]
[www.auxgitesdemaelle.com/couleur/lib/gfx/dropdown-arrow.png]
[www.auxgitesdemaelle.com/couleur/lib/gfx/dropdown-arrow-disabled.png]
[www.auxgitesdemaelle.com/style_color_2f9f8.css]
[www.cybevasion.fr/gites/france/44/55850_711171_21.jpg]
[www.auxgitesdemaelle.com/accueil_55850_en.html]
[www.auxgitesdemaelle.com/accueil_55850_de.html]
[www.auxgitesdemaelle.com/accueil_55850_es.html]
[www.auxgitesdemaelle.com/accueil_55850_it.html]
[www.auxgitesdemaelle.com/accueil_55850_nl.html]
[www.auxgitesdemaelle.com/couleur/lib/link.svg]
[www.auxgitesdemaelle.com/cdn-cgi/l/email-protection.html]
[www.auxgitesdemaelle.com/couleur/lib/facebook.svg]
[www.auxgitesdemaelle.com/photos_55850.html]
[www.auxgitesdemaelle.com/tarifs_55850.html]
[www.auxgitesdemaelle.com/plan_55850.html]
[www.auxgitesdemaelle.com/livredor_55850.html]
[www.auxgitesdemaelle.com/accueil_55850.html]
[www.auxgitesdemaelle.com/cdn-cgi/scripts/5c5dd728/cloudflare-static/email-decode.min.js]
[www.cybevasion.fr/gites/france/44/86264_108_820.jpg]
[www.auxgitesdemaelle.com/accueil_86264_en.html]
[www.auxgitesdemaelle.com/accueil_86264_de.html]
[www.auxgitesdemaelle.com/accueil_86264_es.html]
[www.auxgitesdemaelle.com/accueil_86264_it.html]
[www.auxgitesdemaelle.com/accueil_86264_nl.html]
[www.auxgitesdemaelle.com/photos_86264.html]
[www.auxgitesdemaelle.com/tarifs_86264.html]
[www.auxgitesdemaelle.com/plan_86264.html]
[www.auxgitesdemaelle.com/contact_86264.html]
[www.auxgitesdemaelle.com/livredor_86264.html]
[www.auxgitesdemaelle.com/accueil_86264.html]
[www.cybevasion.fr/gites/france/44/52547_1127_927.jpg]
[www.auxgitesdemaelle.com/accueil_52547_en.html]
[www.auxgitesdemaelle.com/accueil_52547_de.html]
[www.auxgitesdemaelle.com/accueil_52547_es.html]
[www.auxgitesdemaelle.com/accueil_52547_it.html]
[www.auxgitesdemaelle.com/accueil_52547_nl.html]
[www.auxgitesdemaelle.com/photos_52547.html]
[www.auxgitesdemaelle.com/tarifs_52547.html]
[www.auxgitesdemaelle.com/plan_52547.html]
[www.auxgitesdemaelle.com/contact_52547.html]
[www.auxgitesdemaelle.com/livredor_52547.html]
[www.auxgitesdemaelle.com/accueil_52547.html]
[www.cybevasion.fr/gites/france/44/89543_1292_1856.jpg]
[www.auxgitesdemaelle.com/accueil_89543_en.html]
[www.auxgitesdemaelle.com/accueil_89543_de.html]
[www.auxgitesdemaelle.com/accueil_89543_es.html]
[www.auxgitesdemaelle.com/accueil_89543_it.html]
[www.auxgitesdemaelle.com/accueil_89543_nl.html]
[www.auxgitesdemaelle.com/photos_89543.html]
[www.auxgitesdemaelle.com/tarifs_89543.html]
[www.auxgitesdemaelle.com/plan_89543.html]
[www.auxgitesdemaelle.com/contact_89543.html]
[www.auxgitesdemaelle.com/accueil_89543.html]
[www.cybevasion.fr/jquery/jquery.intlTelInput.css]
[www.cybevasion.fr/javascript/litepicker/litepicker_cyb.css]
[www.cybevasion.fr/css/css_litepicker_site.css]
[www.cybevasion.fr/javascript/litepicker/litepicker.js]
[www.auxgitesdemaelle.com/contact_55850_en.html]
[www.auxgitesdemaelle.com/contact_55850_de.html]
[www.auxgitesdemaelle.com/contact_55850_es.html]
[www.auxgitesdemaelle.com/contact_55850_it.html]
[www.auxgitesdemaelle.com/contact_55850_nl.html]
[www.cybevasion.fr/thumb/220x165/comptes/photos_profils/2069_975_1945.jpg]
[www.auxgitesdemaelle.com/couleur/svg_calendar_2.svg]
[www.auxgitesdemaelle.com/contact_55850.html]
[www.cybevasion.fr/jquery/jquery.intlTelInput.min.js]
[www.auxgitesdemaelle.com/couleur/printf9f8.css]
[www.auxgitesdemaelle.com/mentionslegales_55850_en.html]
[www.auxgitesdemaelle.com/mentionslegales_55850_de.html]
[www.auxgitesdemaelle.com/mentionslegales_55850_es.html]
[www.auxgitesdemaelle.com/mentionslegales_55850_it.html]
[www.auxgitesdemaelle.com/mentionslegales_55850_nl.html]
[www.auxgitesdemaelle.com/mentions-legales_55850.html]
[www.cybevasion.fr/jquery/jquery-ui.css]
[www.cybevasion.fr/jquery/jquery.qtip.css]
[www.cybevasion.fr/jquery/swipebox-img/loader.gif]
[www.cybevasion.fr/jquery/jquery.swipebox.css]
[www.auxgitesdemaelle.com/cookies.html]
[www.auxgitesdemaelle.com/couleur/leaflet/images/layers.png]
[www.auxgitesdemaelle.com/couleur/leaflet/images/layers-2x.png]
[www.auxgitesdemaelle.com/couleur/leaflet/images/marker-icon.png]
[www.auxgitesdemaelle.com/couleur/leaflet/leaflet.css]
[www.auxgitesdemaelle.com/GET.html]
[www.auxgitesdemaelle.com/photos_55850_en.html]
[www.auxgitesdemaelle.com/tarifs_55850_en.html]
[www.auxgitesdemaelle.com/plan_55850_en.html]
[www.auxgitesdemaelle.com/livredor_55850_en.html]
[www.auxgitesdemaelle.com/accueil_55850_en.html]
[www.cybevasion.fr/jquery/jquery.ui.datepicker-en.js]
[www.auxgitesdemaelle.com/photos_55850_de.html]
[www.auxgitesdemaelle.com/tarifs_55850_de.html]
[www.auxgitesdemaelle.com/plan_55850_de.html]
[www.auxgitesdemaelle.com/livredor_55850_de.html]
[www.auxgitesdemaelle.com/accueil_55850_de.html]
[www.cybevasion.fr/jquery/jquery.ui.datepicker-de.js]
[www.auxgitesdemaelle.com/photos_55850_es.html]
[www.auxgitesdemaelle.com/tarifs_55850_es.html]
[www.auxgitesdemaelle.com/plan_55850_es.html]
[www.auxgitesdemaelle.com/livredor_55850_es.html]
[www.cybevasion.fr/jquery/jquery.ui.datepicker-es.js]
[www.auxgitesdemaelle.com/accueil_55850_es.html]
[www.auxgitesdemaelle.com/photos_55850_it.html]
[www.auxgitesdemaelle.com/tarifs_55850_it.html]
[www.auxgitesdemaelle.com/plan_55850_it.html]
[www.auxgitesdemaelle.com/livredor_55850_it.html]
[www.cybevasion.fr/jquery/jquery.ui.datepicker-it.js]
[www.auxgitesdemaelle.com/accueil_55850_it.html]
[www.auxgitesdemaelle.com/photos_55850_nl.html]
[www.auxgitesdemaelle.com/tarifs_55850_nl.html]
[www.auxgitesdemaelle.com/plan_55850_nl.html]
[www.auxgitesdemaelle.com/livredor_55850_nl.html]
[www.auxgitesdemaelle.com/accueil_55850_nl.html]
[www.auxgitesdemaelle.com/couleur/lib/link.svg]
[www.auxgitesdemaelle.com/cdn-cgi/l/email-protection.html]
[www.auxgitesdemaelle.com/couleur/lib/facebook.svg]
[www.cybevasion.fr/jquery/jquery.ui.datepicker-nl.js]
[www.cybevasion.fr/thumb/220x165/gites/france/44/55850_711171_21.jpg]
[www.cybevasion.fr/gites/france/44/55850_711172_31.jpg]
[www.cybevasion.fr/thumb/220x165/gites/france/44/55850_711172_31.jpg]
[www.cybevasion.fr/gites/france/44/55850_711174_20.jpg]
[www.cybevasion.fr/thumb/220x165/gites/france/44/55850_711174_20.jpg]
[www.cybevasion.fr/gites/france/44/55850_963701_46.jpg]
[www.cybevasion.fr/thumb/220x165/gites/france/44/55850_963701_46.jpg]
[www.cybevasion.fr/gites/france/44/55850_963700_14.jpg]
[www.cybevasion.fr/thumb/220x165/gites/france/44/55850_963700_14.jpg]
[www.cybevasion.fr/gites/france/44/55850_6_343.jpg]
[www.auxgitesdemaelle.com/photos_55850.html]
[www.cybevasion.fr/thumb/220x165/gites/france/44/55850_6_343.jpg]
[www.auxgitesdemaelle.com/couleur/css_structuresf9f8.css]
[www.cybevasion.fr/javascript/highslide/highslide-full.js]
[www.auxgitesdemaelle.com/tarifs_55850.html]
[www.cybevasion.fr/javascript/gg_maps_init_v4.js]
[www.auxgitesdemaelle.com/couleur/lib/gfx/print.png]
[www.auxgitesdemaelle.com/plan_55850.html]
[www.auxgitesdemaelle.com/livredor_55850.html]
[www.auxgitesdemaelle.com/photos_86264_en.html]
[www.auxgitesdemaelle.com/tarifs_86264_en.html]
[www.auxgitesdemaelle.com/plan_86264_en.html]
[www.auxgitesdemaelle.com/contact_86264_en.html]
[www.auxgitesdemaelle.com/livredor_86264_en.html]
[www.auxgitesdemaelle.com/accueil_86264_en.html]
[www.auxgitesdemaelle.com/photos_86264_de.html]
[www.auxgitesdemaelle.com/tarifs_86264_de.html]
[www.auxgitesdemaelle.com/plan_86264_de.html]
[www.auxgitesdemaelle.com/contact_86264_de.html]
[www.auxgitesdemaelle.com/livredor_86264_de.html]
[www.auxgitesdemaelle.com/accueil_86264_de.html]
[www.auxgitesdemaelle.com/photos_86264_es.html]
[www.auxgitesdemaelle.com/tarifs_86264_es.html]
[www.auxgitesdemaelle.com/plan_86264_es.html]
[www.auxgitesdemaelle.com/contact_86264_es.html]
[www.auxgitesdemaelle.com/livredor_86264_es.html]
[www.auxgitesdemaelle.com/accueil_86264_es.html]
[www.auxgitesdemaelle.com/photos_86264_it.html]
[www.auxgitesdemaelle.com/tarifs_86264_it.html]
[www.auxgitesdemaelle.com/plan_86264_it.html]
[www.auxgitesdemaelle.com/contact_86264_it.html]
[www.auxgitesdemaelle.com/livredor_86264_it.html]
[www.auxgitesdemaelle.com/accueil_86264_it.html]
[www.auxgitesdemaelle.com/photos_86264_nl.html]
[www.auxgitesdemaelle.com/tarifs_86264_nl.html]
[www.auxgitesdemaelle.com/plan_86264_nl.html]
[www.auxgitesdemaelle.com/contact_86264_nl.html]
[www.auxgitesdemaelle.com/livredor_86264_nl.html]
[www.auxgitesdemaelle.com/accueil_86264_nl.html]
[www.cybevasion.fr/thumb/220x165/gites/france/44/86264_108_820.jpg]
[www.cybevasion.fr/gites/france/44/86264_1261_1249.jpg]
[www.cybevasion.fr/thumb/220x165/gites/france/44/86264_1261_1249.jpg]
[www.cybevasion.fr/gites/france/44/86264_1399_1223.jpg]
[www.cybevasion.fr/thumb/220x165/gites/france/44/86264_1399_1223.jpg]
[www.cybevasion.fr/gites/france/44/86264_1499_742.jpg]
[www.cybevasion.fr/thumb/220x165/gites/france/44/86264_1499_742.jpg]
[www.cybevasion.fr/gites/france/44/86264_1545_882.jpg]
[www.cybevasion.fr/thumb/220x165/gites/france/44/86264_1545_882.jpg]
[www.cybevasion.fr/gites/france/44/86264_1736_124.jpg]
[www.cybevasion.fr/thumb/220x165/gites/france/44/86264_1736_124.jpg]
[www.cybevasion.fr/gites/france/44/86264_326_1976.jpg]
[www.cybevasion.fr/thumb/220x165/gites/france/44/86264_326_1976.jpg]
[www.cybevasion.fr/gites/france/44/86264_874_597.jpg]
[www.cybevasion.fr/thumb/220x165/gites/france/44/86264_874_597.jpg]
[www.cybevasion.fr/gites/france/44/86264_1084_709.jpg]
[www.cybevasion.fr/thumb/220x165/gites/france/44/86264_1084_709.jpg]
[www.cybevasion.fr/gites/france/44/86264_922_1647.jpg]
[www.cybevasion.fr/thumb/220x165/gites/france/44/86264_922_1647.jpg]
[www.auxgitesdemaelle.com/photos_86264.html]
[www.auxgitesdemaelle.com/tarifs_86264.html]
[www.auxgitesdemaelle.com/plan_86264.html]
[www.auxgitesdemaelle.com/contact_86264.html]
[www.auxgitesdemaelle.com/livredor_86264.html]
[www.auxgitesdemaelle.com/photos_52547_en.html]
[www.auxgitesdemaelle.com/tarifs_52547_en.html]
[www.auxgitesdemaelle.com/plan_52547_en.html]
[www.auxgitesdemaelle.com/contact_52547_en.html]
[www.auxgitesdemaelle.com/livredor_52547_en.html]
[www.auxgitesdemaelle.com/accueil_52547_en.html]
[www.auxgitesdemaelle.com/photos_52547_de.html]
[www.auxgitesdemaelle.com/tarifs_52547_de.html]
[www.auxgitesdemaelle.com/plan_52547_de.html]
[www.auxgitesdemaelle.com/contact_52547_de.html]
[www.auxgitesdemaelle.com/livredor_52547_de.html]
[www.auxgitesdemaelle.com/accueil_52547_de.html]
[www.auxgitesdemaelle.com/photos_52547_es.html]
[www.auxgitesdemaelle.com/tarifs_52547_es.html]
[www.auxgitesdemaelle.com/plan_52547_es.html]
[www.auxgitesdemaelle.com/contact_52547_es.html]
[www.auxgitesdemaelle.com/livredor_52547_es.html]
[www.auxgitesdemaelle.com/accueil_52547_es.html]
[www.auxgitesdemaelle.com/photos_52547_it.html]
[www.auxgitesdemaelle.com/tarifs_52547_it.html]
[www.auxgitesdemaelle.com/plan_52547_it.html]
[www.auxgitesdemaelle.com/contact_52547_it.html]
[www.auxgitesdemaelle.com/livredor_52547_it.html]
[www.auxgitesdemaelle.com/accueil_52547_it.html]
[www.auxgitesdemaelle.com/photos_52547_nl.html]
[www.auxgitesdemaelle.com/tarifs_52547_nl.html]
[www.auxgitesdemaelle.com/plan_52547_nl.html]
[www.auxgitesdemaelle.com/contact_52547_nl.html]
[www.auxgitesdemaelle.com/livredor_52547_nl.html]
[www.auxgitesdemaelle.com/accueil_52547_nl.html]
[www.cybevasion.fr/thumb/220x165/gites/france/44/52547_1127_927.jpg]
[www.cybevasion.fr/gites/france/44/52547_970656_37.jpg]
[www.cybevasion.fr/thumb/220x165/gites/france/44/52547_970656_37.jpg]
[www.cybevasion.fr/gites/france/44/52547_861_388.jpg]
[www.cybevasion.fr/thumb/220x165/gites/france/44/52547_861_388.jpg]
[www.cybevasion.fr/gites/france/44/52547_74_1189.jpg]
[www.cybevasion.fr/thumb/220x165/gites/france/44/52547_74_1189.jpg]
[www.cybevasion.fr/gites/france/44/52547_963713_32.jpg]
[www.cybevasion.fr/thumb/220x165/gites/france/44/52547_963713_32.jpg]
[www.cybevasion.fr/gites/france/44/52547_1728_260.jpg]
[www.cybevasion.fr/thumb/220x165/gites/france/44/52547_1728_260.jpg]
[www.cybevasion.fr/gites/france/44/52547_298_1707.jpg]
[www.cybevasion.fr/thumb/220x165/gites/france/44/52547_298_1707.jpg]
[www.cybevasion.fr/gites/france/44/52547_625270_28.jpg]
[www.cybevasion.fr/thumb/220x165/gites/france/44/52547_625270_28.jpg]
[www.cybevasion.fr/gites/france/44/52547_625271_4.jpg]
[www.cybevasion.fr/thumb/220x165/gites/france/44/52547_625271_4.jpg]
[www.cybevasion.fr/gites/france/44/52547_625277_47.jpg]
[www.cybevasion.fr/thumb/220x165/gites/france/44/52547_625277_47.jpg]
[www.cybevasion.fr/gites/france/44/52547_630161_13.jpg]
[www.cybevasion.fr/thumb/220x165/gites/france/44/52547_630161_13.jpg]
[www.cybevasion.fr/gites/france/44/52547_914_439.jpg]
[www.cybevasion.fr/thumb/220x165/gites/france/44/52547_914_439.jpg]
[www.cybevasion.fr/gites/france/44/52547_630162_20.jpg]
[www.cybevasion.fr/thumb/220x165/gites/france/44/52547_630162_20.jpg]
[www.cybevasion.fr/gites/france/44/52547_615_484.jpg]
[www.cybevasion.fr/thumb/220x165/gites/france/44/52547_615_484.jpg]
[www.cybevasion.fr/gites/france/44/52547_297_1598.jpg]
[www.cybevasion.fr/thumb/220x165/gites/france/44/52547_297_1598.jpg]
[www.cybevasion.fr/gites/france/44/52547_524_153.jpg]
[www.cybevasion.fr/thumb/220x165/gites/france/44/52547_524_153.jpg]
[www.cybevasion.fr/gites/france/44/52547_192_53.jpg]
[www.cybevasion.fr/thumb/220x165/gites/france/44/52547_192_53.jpg]
[www.cybevasion.fr/gites/france/44/52547_1506_1093.jpg]
[www.auxgitesdemaelle.com/photos_52547.html]
[www.cybevasion.fr/thumb/220x165/gites/france/44/52547_1506_1093.jpg]
[www.auxgitesdemaelle.com/tarifs_52547.html]
[www.auxgitesdemaelle.com/plan_52547.html]
[www.auxgitesdemaelle.com/contact_52547.html]
[www.auxgitesdemaelle.com/livredor_52547.html]
[www.auxgitesdemaelle.com/photos_89543_en.html]
[www.auxgitesdemaelle.com/tarifs_89543_en.html]
[www.auxgitesdemaelle.com/plan_89543_en.html]
[www.auxgitesdemaelle.com/contact_89543_en.html]
[www.auxgitesdemaelle.com/accueil_89543_en.html]
[www.auxgitesdemaelle.com/photos_89543_de.html]
[www.auxgitesdemaelle.com/tarifs_89543_de.html]
[www.auxgitesdemaelle.com/plan_89543_de.html]
[www.auxgitesdemaelle.com/contact_89543_de.html]
[www.auxgitesdemaelle.com/accueil_89543_de.html]
[www.auxgitesdemaelle.com/photos_89543_es.html]
[www.auxgitesdemaelle.com/tarifs_89543_es.html]
[www.auxgitesdemaelle.com/plan_89543_es.html]
[www.auxgitesdemaelle.com/contact_89543_es.html]
[www.auxgitesdemaelle.com/accueil_89543_es.html]
[www.auxgitesdemaelle.com/photos_89543_it.html]
[www.auxgitesdemaelle.com/tarifs_89543_it.html]
[www.auxgitesdemaelle.com/plan_89543_it.html]
[www.auxgitesdemaelle.com/contact_89543_it.html]
[www.auxgitesdemaelle.com/accueil_89543_it.html]
[www.auxgitesdemaelle.com/photos_89543_nl.html]
[www.auxgitesdemaelle.com/tarifs_89543_nl.html]
[www.auxgitesdemaelle.com/plan_89543_nl.html]
[www.auxgitesdemaelle.com/contact_89543_nl.html]
[www.auxgitesdemaelle.com/accueil_89543_nl.html]
[www.cybevasion.fr/thumb/220x165/gites/france/44/89543_1292_1856.jpg]
[www.cybevasion.fr/gites/france/44/89543_1618_495.jpg]
[www.cybevasion.fr/thumb/220x165/gites/france/44/89543_1618_495.jpg]
[www.cybevasion.fr/gites/france/44/89543_972_1113.jpg]
[www.cybevasion.fr/thumb/220x165/gites/france/44/89543_972_1113.jpg]
[www.cybevasion.fr/gites/france/44/89543_1264_1693.jpg]
[www.cybevasion.fr/thumb/220x165/gites/france/44/89543_1264_1693.jpg]
[www.cybevasion.fr/gites/france/44/89543_986_151.jpg]
[www.cybevasion.fr/thumb/220x165/gites/france/44/89543_986_151.jpg]
[www.cybevasion.fr/gites/france/44/89543_808_1910.jpg]
[www.cybevasion.fr/thumb/220x165/gites/france/44/89543_808_1910.jpg]
[www.cybevasion.fr/gites/france/44/89543_457_581.jpg]
[www.cybevasion.fr/thumb/220x165/gites/france/44/89543_457_581.jpg]
[www.cybevasion.fr/gites/france/44/89543_44_788.jpg]
[www.cybevasion.fr/thumb/220x165/gites/france/44/89543_44_788.jpg]
[www.cybevasion.fr/gites/france/44/89543_1316_1757.jpg]
[www.cybevasion.fr/thumb/220x165/gites/france/44/89543_1316_1757.jpg]
[www.auxgitesdemaelle.com/photos_89543.html]
[www.auxgitesdemaelle.com/tarifs_89543.html]
[www.auxgitesdemaelle.com/plan_89543.html]
[www.auxgitesdemaelle.com/contact_89543.html]
[www.cybevasion.fr/jquery/intlTelInput-flags.png]
[www.cybevasion.fr/jquery/jquery.intlTelInput.css]
[www.cybevasion.fr/javascript/litepicker/litepicker_cyb.css]
[www.cybevasion.fr/css/css_litepicker_site.css]
[www.auxgitesdemaelle.com/contact_55850_en.html]
[www.auxgitesdemaelle.com/contact_55850_de.html]
[www.auxgitesdemaelle.com/contact_55850_es.html]
[www.auxgitesdemaelle.com/contact_55850_it.html]
[www.auxgitesdemaelle.com/contact_55850_nl.html]
[www.auxgitesdemaelle.com/couleur/svg_calendar_2.svg]
[www.auxgitesdemaelle.com/couleur/printf9f8.css]
[www.auxgitesdemaelle.com/mentionslegales_55850_en.html]
[www.auxgitesdemaelle.com/mentionslegales_55850_de.html]
[www.auxgitesdemaelle.com/mentionslegales_55850_es.html]
[www.auxgitesdemaelle.com/mentionslegales_55850_it.html]
[www.auxgitesdemaelle.com/mentionslegales_55850_nl.html]
[www.auxgitesdemaelle.com/photos_55850_en.html]
[www.auxgitesdemaelle.com/tarifs_55850_en.html]
[www.auxgitesdemaelle.com/plan_55850_en.html]
[www.auxgitesdemaelle.com/livredor_55850_en.html]
[www.auxgitesdemaelle.com/photos_55850_de.html]
[www.auxgitesdemaelle.com/tarifs_55850_de.html]
[www.auxgitesdemaelle.com/plan_55850_de.html]
[www.auxgitesdemaelle.com/livredor_55850_de.html]
[www.auxgitesdemaelle.com/photos_55850_es.html]
[www.auxgitesdemaelle.com/tarifs_55850_es.html]
[www.auxgitesdemaelle.com/plan_55850_es.html]
[www.auxgitesdemaelle.com/livredor_55850_es.html]
[www.auxgitesdemaelle.com/photos_55850_it.html]
[www.auxgitesdemaelle.com/tarifs_55850_it.html]
[www.auxgitesdemaelle.com/plan_55850_it.html]
[www.auxgitesdemaelle.com/livredor_55850_it.html]
[www.auxgitesdemaelle.com/photos_55850_nl.html]
[www.auxgitesdemaelle.com/tarifs_55850_nl.html]
[www.auxgitesdemaelle.com/plan_55850_nl.html]
[www.auxgitesdemaelle.com/livredor_55850_nl.html]
[www.auxgitesdemaelle.com/couleur/css_structuresf9f8.css]
[www.auxgitesdemaelle.com/photos_86264_en.html]
[www.auxgitesdemaelle.com/tarifs_86264_en.html]
[www.auxgitesdemaelle.com/plan_86264_en.html]
[www.auxgitesdemaelle.com/contact_86264_en.html]
[www.auxgitesdemaelle.com/livredor_86264_en.html]
[www.auxgitesdemaelle.com/photos_86264_de.html]
[www.auxgitesdemaelle.com/tarifs_86264_de.html]
[www.auxgitesdemaelle.com/plan_86264_de.html]
[www.auxgitesdemaelle.com/contact_86264_de.html]
[www.auxgitesdemaelle.com/livredor_86264_de.html]
[www.cybevasion.fr/css/css_structures2.css]
[www.auxgitesdemaelle.com/photos_86264_es.html]
[www.auxgitesdemaelle.com/tarifs_86264_es.html]
[www.auxgitesdemaelle.com/plan_86264_es.html]
[www.auxgitesdemaelle.com/contact_86264_es.html]
[www.auxgitesdemaelle.com/livredor_86264_es.html]
[www.auxgitesdemaelle.com/photos_86264_it.html]
[www.auxgitesdemaelle.com/tarifs_86264_it.html]
[www.auxgitesdemaelle.com/plan_86264_it.html]
[www.auxgitesdemaelle.com/contact_86264_it.html]
[www.auxgitesdemaelle.com/livredor_86264_it.html]
[www.auxgitesdemaelle.com/photos_86264_nl.html]
[www.auxgitesdemaelle.com/tarifs_86264_nl.html]
[www.auxgitesdemaelle.com/plan_86264_nl.html]
[www.auxgitesdemaelle.com/contact_86264_nl.html]
[www.auxgitesdemaelle.com/livredor_86264_nl.html]
[www.auxgitesdemaelle.com/photos_52547_en.html]
[www.auxgitesdemaelle.com/tarifs_52547_en.html]
[www.auxgitesdemaelle.com/plan_52547_en.html]
[www.auxgitesdemaelle.com/contact_52547_en.html]
[www.auxgitesdemaelle.com/livredor_52547_en.html]
[www.auxgitesdemaelle.com/photos_52547_de.html]
[www.auxgitesdemaelle.com/tarifs_52547_de.html]
[www.auxgitesdemaelle.com/plan_52547_de.html]
[www.auxgitesdemaelle.com/contact_52547_de.html]
[www.auxgitesdemaelle.com/livredor_52547_de.html]
[www.auxgitesdemaelle.com/photos_52547_es.html]
[www.auxgitesdemaelle.com/tarifs_52547_es.html]
[www.auxgitesdemaelle.com/plan_52547_es.html]
[www.auxgitesdemaelle.com/contact_52547_es.html]
[www.auxgitesdemaelle.com/livredor_52547_es.html]
[www.auxgitesdemaelle.com/photos_52547_it.html]
[www.auxgitesdemaelle.com/tarifs_52547_it.html]
[www.auxgitesdemaelle.com/plan_52547_it.html]
[www.auxgitesdemaelle.com/contact_52547_it.html]
[www.auxgitesdemaelle.com/livredor_52547_it.html]
[www.auxgitesdemaelle.com/photos_52547_nl.html]
[www.auxgitesdemaelle.com/tarifs_52547_nl.html]
[www.auxgitesdemaelle.com/plan_52547_nl.html]
[www.auxgitesdemaelle.com/contact_52547_nl.html]
[www.auxgitesdemaelle.com/livredor_52547_nl.html]
[www.auxgitesdemaelle.com/photos_89543_en.html]
[www.auxgitesdemaelle.com/tarifs_89543_en.html]
[www.auxgitesdemaelle.com/plan_89543_en.html]
[www.auxgitesdemaelle.com/contact_89543_en.html]
[www.auxgitesdemaelle.com/photos_89543_de.html]
[www.auxgitesdemaelle.com/tarifs_89543_de.html]
[www.auxgitesdemaelle.com/plan_89543_de.html]
[www.auxgitesdemaelle.com/contact_89543_de.html]
[www.auxgitesdemaelle.com/photos_89543_es.html]
[www.auxgitesdemaelle.com/tarifs_89543_es.html]
[www.auxgitesdemaelle.com/plan_89543_es.html]
[www.auxgitesdemaelle.com/contact_89543_es.html]
[www.auxgitesdemaelle.com/photos_89543_it.html]
[www.auxgitesdemaelle.com/tarifs_89543_it.html]
[www.auxgitesdemaelle.com/plan_89543_it.html]
[www.auxgitesdemaelle.com/contact_89543_it.html]
[www.auxgitesdemaelle.com/photos_89543_nl.html]
[www.auxgitesdemaelle.com/tarifs_89543_nl.html]
[www.auxgitesdemaelle.com/plan_89543_nl.html]
[www.auxgitesdemaelle.com/contact_89543_nl.html]
[{s}.tile.openstreetmap.org/{z}/{x}/{y}.png]
[www.cybevasion.fr/css/css_structures2.css]
